[     919ms] [INFO] %cDownload the React DevTools for a better development experience: https://react.dev/link/react-devtools font-weight:bold @ http://localhost:5173/node_modules/.vite/deps/react-dom_client.js?v=bfdd3d36:17994
[    1200ms] [ERROR] Failed to load resource: the server responded with a status of 401 (Unauthorized) @ http://localhost:5173/api/v1/auth/verify-token:0
[    1649ms] [ERROR] Failed to load resource: the server responded with a status of 404 (Not Found) @ http://localhost:5173/api/v1/player/academyDetailsOfPlayer:0
[  241799ms] [WARNING] 'oklch(0.982 0.018 155.826)' is not an animatable color. Use the equivalent color code instead.. For more information and steps for solving, visit https://motion.dev/troubleshooting/color-not-animatable @ http://localhost:5173/node_modules/.vite/deps/chunk-PHCC5O5S.js?v=bfdd3d36:101
[  782240ms] ReferenceError: TacticalPattern is not defined
    at HeroHome (http://localhost:5173/src/HomeComponents/HeroHome.jsx?t=1778524695029:369:46)
    at Object.react_stack_bottom_frame (http://localhost:5173/node_modules/.vite/deps/react-dom_client.js?v=bfdd3d36:17424:20)
    at renderWithHooks (http://localhost:5173/node_modules/.vite/deps/react-dom_client.js?v=bfdd3d36:4206:24)
    at updateFunctionComponent (http://localhost:5173/node_modules/.vite/deps/react-dom_client.js?v=bfdd3d36:6619:21)
    at beginWork (http://localhost:5173/node_modules/.vite/deps/react-dom_client.js?v=bfdd3d36:7654:20)
    at runWithFiberInDEV (http://localhost:5173/node_modules/.vite/deps/react-dom_client.js?v=bfdd3d36:1485:72)
    at performUnitOfWork (http://localhost:5173/node_modules/.vite/deps/react-dom_client.js?v=bfdd3d36:10868:98)
    at workLoopSync (http://localhost:5173/node_modules/.vite/deps/react-dom_client.js?v=bfdd3d36:10728:43)
    at renderRootSync (http://localhost:5173/node_modules/.vite/deps/react-dom_client.js?v=bfdd3d36:10711:13)
    at performWorkOnRoot (http://localhost:5173/node_modules/.vite/deps/react-dom_client.js?v=bfdd3d36:10359:46)
[  782023ms] [WARNING] %s

%s
 An error occurred in the <HeroHome> component. Consider adding an error boundary to your tree to customize error handling behavior.
Visit https://react.dev/link/error-boundaries to learn more about error boundaries. @ http://localhost:5173/node_modules/.vite/deps/react-dom_client.js?v=bfdd3d36:6228
[  892666ms] [ERROR] Failed to load resource: the server responded with a status of 404 (Not Found) @ http://localhost:5173/api/v1/player/academyDetailsOfPlayer:0
[  923392ms] [ERROR] Failed to load resource: the server responded with a status of 401 (Unauthorized) @ http://localhost:5173/api/v1/player/achievements/unread:0
