[    1755ms] [INFO] %cDownload the React DevTools for a better development experience: https://react.dev/link/react-devtools font-weight:bold @ http://localhost:5175/node_modules/.vite/deps/react-dom_client.js?v=1aed34df:17994
[    2024ms] [ERROR] Failed to load resource: the server responded with a status of 401 (Unauthorized) @ http://localhost:5175/api/v1/auth/verify-token:0
[    2059ms] [ERROR] Failed to load resource: the server responded with a status of 401 (Unauthorized) @ http://localhost:5175/api/v1/auth/refresh-token:0
[    2060ms] [ERROR] Refresh failed: AxiosError @ http://localhost:5175/src/api/axios.js:22
[   49338ms] [VERBOSE] [DOM] Input elements should have autocomplete attributes (suggested: "current-password"): (More info: https://goo.gl/9p2vKq) %o @ http://localhost:5175/Login:0
[   52030ms] [LOG] %c%s color: red; background: yellow; font-size: 24px; WARNING! @ https://www.gstatic.com/_/mss/boq-identity/_/js/k=boq-identity.OAuthUi.en_US.n7sH3rQwhxg.es5.O/am=np8CAABQBIABAP7_3wBB1OB6BqBAAAAAAAAAAAAYAAAi/d=1/excm=_b,_tp,errorview/ed=1/dg=0/wt=2/ujg=1/rs=AOaEmlEb2MtANJb8qhVKrIMQZ9XX4VOvMA/dti=1/m=_b,_tp:506
[   52030ms] [LOG] %c%s font-size: 18px; Using this console may allow attackers to impersonate you and steal your information using an attack called Self-XSS.
Do not enter or paste code that you do not understand. @ https://www.gstatic.com/_/mss/boq-identity/_/js/k=boq-identity.OAuthUi.en_US.n7sH3rQwhxg.es5.O/am=np8CAABQBIABAP7_3wBB1OB6BqBAAAAAAAAAAAAYAAAi/d=1/excm=_b,_tp,errorview/ed=1/dg=0/wt=2/ujg=1/rs=AOaEmlEb2MtANJb8qhVKrIMQZ9XX4VOvMA/dti=1/m=_b,_tp:506
[   61424ms] [INFO] %cDownload the React DevTools for a better development experience: https://react.dev/link/react-devtools font-weight:bold @ http://localhost:5175/node_modules/.vite/deps/react-dom_client.js?v=1aed34df:17994
[   61535ms] [ERROR] Failed to load resource: the server responded with a status of 401 (Unauthorized) @ http://localhost:5175/api/v1/auth/verify-token:0
[   61545ms] [ERROR] Failed to load resource: the server responded with a status of 401 (Unauthorized) @ http://localhost:5175/api/v1/auth/refresh-token:0
[   61545ms] [ERROR] Refresh failed: AxiosError @ http://localhost:5175/src/api/axios.js:22
[   61659ms] [VERBOSE] [DOM] Input elements should have autocomplete attributes (suggested: "current-password"): (More info: https://goo.gl/9p2vKq) %o @ http://localhost:5175/Login:0
[   63726ms] [LOG] %c%s color: red; background: yellow; font-size: 24px; WARNING! @ https://www.gstatic.com/_/mss/boq-identity/_/js/k=boq-identity.OAuthUi.en_US.n7sH3rQwhxg.es5.O/am=nh8AAABQBIABAP7_3wBB1OB6BqBAAAAAAAAAAAAYAAAi/d=1/excm=_b,_tp,errorview/ed=1/dg=0/wt=2/ujg=1/rs=AOaEmlEmUuWKBjzOpsMI2ADw3Btt58o8og/dti=1/m=_b,_tp:506
[   63726ms] [LOG] %c%s font-size: 18px; Using this console may allow attackers to impersonate you and steal your information using an attack called Self-XSS.
Do not enter or paste code that you do not understand. @ https://www.gstatic.com/_/mss/boq-identity/_/js/k=boq-identity.OAuthUi.en_US.n7sH3rQwhxg.es5.O/am=nh8AAABQBIABAP7_3wBB1OB6BqBAAAAAAAAAAAAYAAAi/d=1/excm=_b,_tp,errorview/ed=1/dg=0/wt=2/ujg=1/rs=AOaEmlEmUuWKBjzOpsMI2ADw3Btt58o8og/dti=1/m=_b,_tp:506
[  195698ms] [INFO] %cDownload the React DevTools for a better development experience: https://react.dev/link/react-devtools font-weight:bold @ http://localhost:5175/node_modules/.vite/deps/react-dom_client.js?v=1aed34df:17994
[  195854ms] [ERROR] Failed to load resource: the server responded with a status of 401 (Unauthorized) @ http://localhost:5175/api/v1/auth/verify-token:0
[  195864ms] [ERROR] Failed to load resource: the server responded with a status of 401 (Unauthorized) @ http://localhost:5175/api/v1/auth/refresh-token:0
[  195865ms] [ERROR] Refresh failed: AxiosError @ http://localhost:5175/src/api/axios.js:22
[  195985ms] [VERBOSE] [DOM] Input elements should have autocomplete attributes (suggested: "current-password"): (More info: https://goo.gl/9p2vKq) %o @ http://localhost:5175/Login:0
[  196633ms] [INFO] %cDownload the React DevTools for a better development experience: https://react.dev/link/react-devtools font-weight:bold @ http://localhost:5175/node_modules/.vite/deps/react-dom_client.js?v=1aed34df:17994
[  196664ms] [ERROR] Failed to load resource: the server responded with a status of 401 (Unauthorized) @ http://localhost:5175/api/v1/auth/verify-token:0
[  196670ms] [ERROR] Failed to load resource: the server responded with a status of 401 (Unauthorized) @ http://localhost:5175/api/v1/auth/refresh-token:0
[  196671ms] [ERROR] Refresh failed: AxiosError @ http://localhost:5175/src/api/axios.js:22
[  196776ms] [VERBOSE] [DOM] Input elements should have autocomplete attributes (suggested: "current-password"): (More info: https://goo.gl/9p2vKq) %o @ http://localhost:5175/Login:0
[  198536ms] [VERBOSE] [DOM] Password field is not contained in a form: (More info: https://goo.gl/9p2vKq) %o @ https://accounts.google.com/v3/signin/identifier?opparams=%253F&dsh=S-1006102946%3A1778430692625805&client_id=574322340165-i7is68dg1pumfkd126hrb1uuv7h1380d.apps.googleusercontent.com&o2v=2&redirect_uri=http%3A%2F%2Flocalhost%3A4001%2Fapi%2Fv1%2Fauth%2Fgoogle%2Fcallback&response_type=code&scope=profile+email&service=lso&flowName=GeneralOAuthFlow&continue=https%3A%2F%2Faccounts.google.com%2Fsignin%2Foauth%2Fconsent%3Fauthuser%3Dunknown%26part%3DAJi8hANkYrjPpQtKhl9MneprStC9F77gaed8I8JJaZF2BYTdOl_f9WdOGhHn5ZqmFjb8LlMK0V2nIpakY5sYBdhmscgG_oBDVeymgSwJWnjTSmS1ArwtMDIvzigNUtEMTE3xeaVVofHayrp2AIgsPYZ5FIDrkfpMPzNXU6XX8rlumyR0IxlUPaMybhHH0ZwMH4qWDOQuQ3c1sPKmovqqoalLCMPvrLthCY3zx4YaHt34zbax1KLG2wXpUVtjon9A240BZZkOJvuOwUXDwnBpAGKTbNJ4VzGGTgqR_VbVrf9WXXtsqFyoPPPTXeSm94VbFjD3OyUWubpz-QAWX9DeKBfh2DvWzHdNCq9_GAs0ezyKP33CJe9w1Zp_iTOXy8jyeV2KuWRqrXf86IyYz7x4znYIdfXiSA08U-5UqLzg8q8V8hQucSjMOgaLSh1R4PS9jOLj0upQ4d0Bv3XOPCHCN2YqvunOE5HaSw%26flowName%3DGeneralOAuthFlow%26as%3DS-1006102946%253A1778430692625805%26client_id%3D574322340165-i7is68dg1pumfkd126hrb1uuv7h1380d.apps.googleusercontent.com%26requestPath%3D%252Fsignin%252Foauth%252Fconsent%23&app_domain=http%3A%2F%2Flocalhost%3A4001&rart=ANgoxcfV2UgYPNz62nRMXK33F6f64wuGihNzfjCveKLNI9S8OqU8x0KmwHnuhTOqvE__kuDKNyI_G_jilI6VsoJO3it5SCvHDUkL_eAS_3AlhV05MbePZu8:0
[  198540ms] [LOG] %c%s color: red; background: yellow; font-size: 24px; WARNING! @ https://www.gstatic.com/_/mss/boq-identity/_/js/k=boq-identity.AccountsSignInUi.en_US.n7L1AKtevvQ.es5.O/am=iW8AAIBQiIKQAcD4_78BAAIgiBp4PQtAE4gMAAAAAAAAAABYAAAAjQ/d=1/excm=_b,_tp,identifierview/ed=1/dg=0/wt=2/ujg=1/rs=AOaEmlEJrcdMlMIlw-fGgUrpxMXsKbAX6g/dti=1/m=_b,_tp:541
[  198540ms] [LOG] %c%s font-size: 18px; Using this console may allow attackers to impersonate you and steal your information using an attack called Self-XSS.
Do not enter or paste code that you do not understand. @ https://www.gstatic.com/_/mss/boq-identity/_/js/k=boq-identity.AccountsSignInUi.en_US.n7L1AKtevvQ.es5.O/am=iW8AAIBQiIKQAcD4_78BAAIgiBp4PQtAE4gMAAAAAAAAAABYAAAAjQ/d=1/excm=_b,_tp,identifierview/ed=1/dg=0/wt=2/ujg=1/rs=AOaEmlEJrcdMlMIlw-fGgUrpxMXsKbAX6g/dti=1/m=_b,_tp:541
[  198536ms] [VERBOSE] [DOM] Password field is not contained in a form: (More info: https://goo.gl/9p2vKq) %o @ https://accounts.google.com/v3/signin/identifier?opparams=%253F&dsh=S-1006102946%3A1778430692625805&client_id=574322340165-i7is68dg1pumfkd126hrb1uuv7h1380d.apps.googleusercontent.com&o2v=2&redirect_uri=http%3A%2F%2Flocalhost%3A4001%2Fapi%2Fv1%2Fauth%2Fgoogle%2Fcallback&response_type=code&scope=profile+email&service=lso&flowName=GeneralOAuthFlow&continue=https%3A%2F%2Faccounts.google.com%2Fsignin%2Foauth%2Fconsent%3Fauthuser%3Dunknown%26part%3DAJi8hANkYrjPpQtKhl9MneprStC9F77gaed8I8JJaZF2BYTdOl_f9WdOGhHn5ZqmFjb8LlMK0V2nIpakY5sYBdhmscgG_oBDVeymgSwJWnjTSmS1ArwtMDIvzigNUtEMTE3xeaVVofHayrp2AIgsPYZ5FIDrkfpMPzNXU6XX8rlumyR0IxlUPaMybhHH0ZwMH4qWDOQuQ3c1sPKmovqqoalLCMPvrLthCY3zx4YaHt34zbax1KLG2wXpUVtjon9A240BZZkOJvuOwUXDwnBpAGKTbNJ4VzGGTgqR_VbVrf9WXXtsqFyoPPPTXeSm94VbFjD3OyUWubpz-QAWX9DeKBfh2DvWzHdNCq9_GAs0ezyKP33CJe9w1Zp_iTOXy8jyeV2KuWRqrXf86IyYz7x4znYIdfXiSA08U-5UqLzg8q8V8hQucSjMOgaLSh1R4PS9jOLj0upQ4d0Bv3XOPCHCN2YqvunOE5HaSw%26flowName%3DGeneralOAuthFlow%26as%3DS-1006102946%253A1778430692625805%26client_id%3D574322340165-i7is68dg1pumfkd126hrb1uuv7h1380d.apps.googleusercontent.com%26requestPath%3D%252Fsignin%252Foauth%252Fconsent%23&app_domain=http%3A%2F%2Flocalhost%3A4001&rart=ANgoxcfV2UgYPNz62nRMXK33F6f64wuGihNzfjCveKLNI9S8OqU8x0KmwHnuhTOqvE__kuDKNyI_G_jilI6VsoJO3it5SCvHDUkL_eAS_3AlhV05MbePZu8:0
[  228186ms] [LOG] %c%s color: red; background: yellow; font-size: 24px; WARNING! @ https://www.gstatic.com/_/mss/boq-identity/_/js/k=boq-identity.OAuthUi.en.EXMNGsN4634.es5.O/am=nh8AAABQBIABAP7_3wBB1OB6BqBAAAAAAAAAAAAYAAAi/d=1/excm=_b,_tp,attributesview/ed=1/dg=0/wt=2/ujg=1/rs=AOaEmlGvbdQpQQaJpPoGHqKKicxV7R35mw/dti=1/m=_b,_tp:506
[  228186ms] [LOG] %c%s font-size: 18px; Using this console may allow attackers to impersonate you and steal your information using an attack called Self-XSS.
Do not enter or paste code that you do not understand. @ https://www.gstatic.com/_/mss/boq-identity/_/js/k=boq-identity.OAuthUi.en.EXMNGsN4634.es5.O/am=nh8AAABQBIABAP7_3wBB1OB6BqBAAAAAAAAAAAAYAAAi/d=1/excm=_b,_tp,attributesview/ed=1/dg=0/wt=2/ujg=1/rs=AOaEmlGvbdQpQQaJpPoGHqKKicxV7R35mw/dti=1/m=_b,_tp:506
[  233209ms] [INFO] %cDownload the React DevTools for a better development experience: https://react.dev/link/react-devtools font-weight:bold @ http://localhost:5173/node_modules/.vite/deps/react-dom_client.js?v=1aed34df:17994
[  233364ms] [ERROR] Failed to load resource: the server responded with a status of 404 (Not Found) @ http://localhost:5173/api/v1/player/academyDetailsOfPlayer:0
